Archive member included because of file (symbol)

c:/winavr-20100110/bin/../lib/gcc/avr/4.3.3/avr25\libgcc.a(_exit.o)
                              c:/winavr-20100110/bin/../lib/gcc/avr/4.3.3/../../../../avr/lib/avr25/crttn85.o (exit)
c:/winavr-20100110/bin/../lib/gcc/avr/4.3.3/avr25\libgcc.a(_copy_data.o)
                              usbdrv/usbdrv.o (__do_copy_data)
c:/winavr-20100110/bin/../lib/gcc/avr/4.3.3/avr25\libgcc.a(_clear_bss.o)
                              main.o (__do_clear_bss)
c:/winavr-20100110/bin/../lib/gcc/avr/4.3.3/../../../../avr/lib/avr25\libc.a(rand.o)
                              main.o (rand)
c:/winavr-20100110/bin/../lib/gcc/avr/4.3.3/../../../../avr/lib/avr25\libc.a(eerd_byte_attiny85.o)
                              main.o (__eerd_byte_tn85)
c:/winavr-20100110/bin/../lib/gcc/avr/4.3.3/../../../../avr/lib/avr25\libc.a(eewr_byte_attiny85.o)
                              main.o (__eewr_byte_tn85)
c:/winavr-20100110/bin/../lib/gcc/avr/4.3.3/avr25\libgcc.a(_mulsi3.o)
                              c:/winavr-20100110/bin/../lib/gcc/avr/4.3.3/../../../../avr/lib/avr25\libc.a(rand.o) (__mulsi3)
c:/winavr-20100110/bin/../lib/gcc/avr/4.3.3/avr25\libgcc.a(_divmodsi4.o)
                              c:/winavr-20100110/bin/../lib/gcc/avr/4.3.3/../../../../avr/lib/avr25\libc.a(rand.o) (__divmodsi4)
c:/winavr-20100110/bin/../lib/gcc/avr/4.3.3/avr25\libgcc.a(_prologue.o)
                              c:/winavr-20100110/bin/../lib/gcc/avr/4.3.3/../../../../avr/lib/avr25\libc.a(rand.o) (__prologue_saves__)
c:/winavr-20100110/bin/../lib/gcc/avr/4.3.3/avr25\libgcc.a(_epilogue.o)
                              c:/winavr-20100110/bin/../lib/gcc/avr/4.3.3/../../../../avr/lib/avr25\libc.a(rand.o) (__epilogue_restores__)
c:/winavr-20100110/bin/../lib/gcc/avr/4.3.3/avr25\libgcc.a(_udivmodsi4.o)
                              c:/winavr-20100110/bin/../lib/gcc/avr/4.3.3/avr25\libgcc.a(_divmodsi4.o) (__udivmodsi4)

Allocating common symbols
Common symbol       size              file

usbTxBuf            0xb               usbdrv/usbdrv.o
usbTxBuf1           0xb               usbdrv/usbdrv.o
usbDeviceAddr       0x1               usbdrv/usbdrv.o
usbRxToken          0x1               usbdrv/usbdrv.o
usbInputBufOffset   0x1               usbdrv/usbdrv.o
usbMsgPtr           0x2               usbdrv/usbdrv.o
usbRxLen            0x1               usbdrv/usbdrv.o
usbNewDeviceAddr    0x1               usbdrv/usbdrv.o
usbCurrentTok       0x1               usbdrv/usbdrv.o
usbConfiguration    0x1               usbdrv/usbdrv.o
usbRxBuf            0x16              usbdrv/usbdrv.o

Discarded input sections

 .data          0x00000000        0x0 c:/winavr-20100110/bin/../lib/gcc/avr/4.3.3/../../../../avr/lib/avr25/crttn85.o
 .bss           0x00000000        0x0 c:/winavr-20100110/bin/../lib/gcc/avr/4.3.3/../../../../avr/lib/avr25/crttn85.o
 .text          0x00000000        0x0 main.o
 .data          0x00000000        0x0 main.o
 .bss           0x00000000        0x0 main.o
 .text          0x00000000        0x0 usbdrv/oddebug.o
 .data          0x00000000        0x0 usbdrv/oddebug.o
 .bss           0x00000000        0x0 usbdrv/oddebug.o
 .text          0x00000000        0x0 usbdrv/usbdrv.o
 .data          0x00000000        0x0 usbdrv/usbdrv.o
 .bss           0x00000000        0x0 usbdrv/usbdrv.o
 .data          0x00000000        0x0 usbdrv/usbdrvasm.o
 .bss           0x00000000        0x0 usbdrv/usbdrvasm.o
 .text          0x00000000        0x0 c:/winavr-20100110/bin/../lib/gcc/avr/4.3.3/avr25\libgcc.a(_exit.o)
 .data          0x00000000        0x0 c:/winavr-20100110/bin/../lib/gcc/avr/4.3.3/avr25\libgcc.a(_exit.o)
 .bss           0x00000000        0x0 c:/winavr-20100110/bin/../lib/gcc/avr/4.3.3/avr25\libgcc.a(_exit.o)
 .text.libgcc   0x00000000        0x0 c:/winavr-20100110/bin/../lib/gcc/avr/4.3.3/avr25\libgcc.a(_exit.o)
 .text          0x00000000        0x0 c:/winavr-20100110/bin/../lib/gcc/avr/4.3.3/avr25\libgcc.a(_copy_data.o)
 .data          0x00000000        0x0 c:/winavr-20100110/bin/../lib/gcc/avr/4.3.3/avr25\libgcc.a(_copy_data.o)
 .bss           0x00000000        0x0 c:/winavr-20100110/bin/../lib/gcc/avr/4.3.3/avr25\libgcc.a(_copy_data.o)
 .text.libgcc   0x00000000        0x0 c:/winavr-20100110/bin/../lib/gcc/avr/4.3.3/avr25\libgcc.a(_copy_data.o)
 .text          0x00000000        0x0 c:/winavr-20100110/bin/../lib/gcc/avr/4.3.3/avr25\libgcc.a(_clear_bss.o)
 .data          0x00000000        0x0 c:/winavr-20100110/bin/../lib/gcc/avr/4.3.3/avr25\libgcc.a(_clear_bss.o)
 .bss           0x00000000        0x0 c:/winavr-20100110/bin/../lib/gcc/avr/4.3.3/avr25\libgcc.a(_clear_bss.o)
 .text.libgcc   0x00000000        0x0 c:/winavr-20100110/bin/../lib/gcc/avr/4.3.3/avr25\libgcc.a(_clear_bss.o)
 .text          0x00000000        0x0 c:/winavr-20100110/bin/../lib/gcc/avr/4.3.3/../../../../avr/lib/avr25\libc.a(rand.o)
 .bss           0x00000000        0x0 c:/winavr-20100110/bin/../lib/gcc/avr/4.3.3/../../../../avr/lib/avr25\libc.a(rand.o)
 .text          0x00000000        0x0 c:/winavr-20100110/bin/../lib/gcc/avr/4.3.3/../../../../avr/lib/avr25\libc.a(eerd_byte_attiny85.o)
 .data          0x00000000        0x0 c:/winavr-20100110/bin/../lib/gcc/avr/4.3.3/../../../../avr/lib/avr25\libc.a(eerd_byte_attiny85.o)
 .bss           0x00000000        0x0 c:/winavr-20100110/bin/../lib/gcc/avr/4.3.3/../../../../avr/lib/avr25\libc.a(eerd_byte_attiny85.o)
 .text          0x00000000        0x0 c:/winavr-20100110/bin/../lib/gcc/avr/4.3.3/../../../../avr/lib/avr25\libc.a(eewr_byte_attiny85.o)
 .data          0x00000000        0x0 c:/winavr-20100110/bin/../lib/gcc/avr/4.3.3/../../../../avr/lib/avr25\libc.a(eewr_byte_attiny85.o)
 .bss           0x00000000        0x0 c:/winavr-20100110/bin/../lib/gcc/avr/4.3.3/../../../../avr/lib/avr25\libc.a(eewr_byte_attiny85.o)
 .text          0x00000000        0x0 c:/winavr-20100110/bin/../lib/gcc/avr/4.3.3/avr25\libgcc.a(_mulsi3.o)
 .data          0x00000000        0x0 c:/winavr-20100110/bin/../lib/gcc/avr/4.3.3/avr25\libgcc.a(_mulsi3.o)
 .bss           0x00000000        0x0 c:/winavr-20100110/bin/../lib/gcc/avr/4.3.3/avr25\libgcc.a(_mulsi3.o)
 .text          0x00000000        0x0 c:/winavr-20100110/bin/../lib/gcc/avr/4.3.3/avr25\libgcc.a(_divmodsi4.o)
 .data          0x00000000        0x0 c:/winavr-20100110/bin/../lib/gcc/avr/4.3.3/avr25\libgcc.a(_divmodsi4.o)
 .bss           0x00000000        0x0 c:/winavr-20100110/bin/../lib/gcc/avr/4.3.3/avr25\libgcc.a(_divmodsi4.o)
 .text          0x00000000        0x0 c:/winavr-20100110/bin/../lib/gcc/avr/4.3.3/avr25\libgcc.a(_prologue.o)
 .data          0x00000000        0x0 c:/winavr-20100110/bin/../lib/gcc/avr/4.3.3/avr25\libgcc.a(_prologue.o)
 .bss           0x00000000        0x0 c:/winavr-20100110/bin/../lib/gcc/avr/4.3.3/avr25\libgcc.a(_prologue.o)
 .text          0x00000000        0x0 c:/winavr-20100110/bin/../lib/gcc/avr/4.3.3/avr25\libgcc.a(_epilogue.o)
 .data          0x00000000        0x0 c:/winavr-20100110/bin/../lib/gcc/avr/4.3.3/avr25\libgcc.a(_epilogue.o)
 .bss           0x00000000        0x0 c:/winavr-20100110/bin/../lib/gcc/avr/4.3.3/avr25\libgcc.a(_epilogue.o)
 .text          0x00000000        0x0 c:/winavr-20100110/bin/../lib/gcc/avr/4.3.3/avr25\libgcc.a(_udivmodsi4.o)
 .data          0x00000000        0x0 c:/winavr-20100110/bin/../lib/gcc/avr/4.3.3/avr25\libgcc.a(_udivmodsi4.o)
 .bss           0x00000000        0x0 c:/winavr-20100110/bin/../lib/gcc/avr/4.3.3/avr25\libgcc.a(_udivmodsi4.o)

Memory Configuration

Name             Origin             Length             Attributes
text             0x00000000         0x00002000         xr
data             0x00800060         0x0000ffa0         rw !x
eeprom           0x00810000         0x00010000         rw !x
fuse             0x00820000         0x00000400         rw !x
lock             0x00830000         0x00000400         rw !x
signature        0x00840000         0x00000400         rw !x
*default*        0x00000000         0xffffffff

Linker script and memory map

LOAD c:/winavr-20100110/bin/../lib/gcc/avr/4.3.3/../../../../avr/lib/avr25/crttn85.o
LOAD main.o
LOAD usbdrv/oddebug.o
LOAD usbdrv/usbdrv.o
LOAD usbdrv/usbdrvasm.o
START GROUP
END GROUP
LOAD c:/winavr-20100110/bin/../lib/gcc/avr/4.3.3/avr25\libgcc.a
LOAD c:/winavr-20100110/bin/../lib/gcc/avr/4.3.3/../../../../avr/lib/avr25\libc.a
LOAD c:/winavr-20100110/bin/../lib/gcc/avr/4.3.3/avr25\libgcc.a

.hash
 *(.hash)

.dynsym
 *(.dynsym)

.dynstr
 *(.dynstr)

.gnu.version
 *(.gnu.version)

.gnu.version_d
 *(.gnu.version_d)

.gnu.version_r
 *(.gnu.version_r)

.rel.init
 *(.rel.init)

.rela.init
 *(.rela.init)

.rel.text
 *(.rel.text)
 *(.rel.text.*)
 *(.rel.gnu.linkonce.t*)

.rela.text
 *(.rela.text)
 *(.rela.text.*)
 *(.rela.gnu.linkonce.t*)

.rel.fini
 *(.rel.fini)

.rela.fini
 *(.rela.fini)

.rel.rodata
 *(.rel.rodata)
 *(.rel.rodata.*)
 *(.rel.gnu.linkonce.r*)

.rela.rodata
 *(.rela.rodata)
 *(.rela.rodata.*)
 *(.rela.gnu.linkonce.r*)

.rel.data
 *(.rel.data)
 *(.rel.data.*)
 *(.rel.gnu.linkonce.d*)

.rela.data
 *(.rela.data)
 *(.rela.data.*)
 *(.rela.gnu.linkonce.d*)

.rel.ctors
 *(.rel.ctors)

.rela.ctors
 *(.rela.ctors)

.rel.dtors
 *(.rel.dtors)

.rela.dtors
 *(.rela.dtors)

.rel.got
 *(.rel.got)

.rela.got
 *(.rela.got)

.rel.bss
 *(.rel.bss)

.rela.bss
 *(.rela.bss)

.rel.plt
 *(.rel.plt)

.rela.plt
 *(.rela.plt)

.text           0x00000000      0xbcc
 *(.vectors)
 .vectors       0x00000000       0x1e c:/winavr-20100110/bin/../lib/gcc/avr/4.3.3/../../../../avr/lib/avr25/crttn85.o
                0x00000000                __vectors
                0x00000000                __vector_default
 *(.vectors)
 *(.progmem.gcc*)
 *(.progmem*)
 .progmem.data  0x0000001e       0x23 main.o
                0x0000001e                usbDescriptorHidReport
 .progmem.data  0x00000041       0x72 usbdrv/usbdrv.o
                0x0000007f                usbDescriptorDevice
                0x00000041                usbDescriptorString0
                0x00000091                usbDescriptorConfiguration
                0x00000045                usbDescriptorStringVendor
                0x00000069                usbDescriptorStringDevice
                0x000000b4                . = ALIGN (0x2)
 *fill*         0x000000b3        0x1 00
                0x000000b4                __trampolines_start = .
 *(.trampolines)
 .trampolines   0x000000b4        0x0 linker stubs
 *(.trampolines*)
                0x000000b4                __trampolines_end = .
 *(.jumptables)
 *(.jumptables*)
 *(.lowtext)
 *(.lowtext*)
                0x000000b4                __ctors_start = .
 *(.ctors)
                0x000000b4                __ctors_end = .
                0x000000b4                __dtors_start = .
 *(.dtors)
                0x000000b4                __dtors_end = .
 SORT(*)(.ctors)
 SORT(*)(.dtors)
 *(.init0)
 .init0         0x000000b4        0x0 c:/winavr-20100110/bin/../lib/gcc/avr/4.3.3/../../../../avr/lib/avr25/crttn85.o
                0x000000b4                __init
 *(.init0)
 *(.init1)
 *(.init1)
 *(.init2)
 .init2         0x000000b4        0xc c:/winavr-20100110/bin/../lib/gcc/avr/4.3.3/../../../../avr/lib/avr25/crttn85.o
 *(.init2)
 *(.init3)
 *(.init3)
 *(.init4)
 .init4         0x000000c0       0x16 c:/winavr-20100110/bin/../lib/gcc/avr/4.3.3/avr25\libgcc.a(_copy_data.o)
                0x000000c0                __do_copy_data
 .init4         0x000000d6       0x10 c:/winavr-20100110/bin/../lib/gcc/avr/4.3.3/avr25\libgcc.a(_clear_bss.o)
                0x000000d6                __do_clear_bss
 *(.init4)
 *(.init5)
 *(.init5)
 *(.init6)
 *(.init6)
 *(.init7)
 *(.init7)
 *(.init8)
 *(.init8)
 *(.init9)
 .init9         0x000000e6        0x4 c:/winavr-20100110/bin/../lib/gcc/avr/4.3.3/../../../../avr/lib/avr25/crttn85.o
 *(.init9)
 *(.text)
 .text          0x000000ea        0x2 c:/winavr-20100110/bin/../lib/gcc/avr/4.3.3/../../../../avr/lib/avr25/crttn85.o
                0x000000ea                __vector_1
                0x000000ea                __vector_12
                0x000000ea                __bad_interrupt
                0x000000ea                __vector_6
                0x000000ea                __vector_3
                0x000000ea                __vector_11
                0x000000ea                __vector_13
                0x000000ea                __vector_7
                0x000000ea                __vector_5
                0x000000ea                __vector_4
                0x000000ea                __vector_9
                0x000000ea                __vector_8
                0x000000ea                __vector_14
                0x000000ea                __vector_10
 .text          0x000000ec      0x312 usbdrv/usbdrvasm.o
                0x000000ec                usbCrc16
                0x00000116                usbCrc16Append
                0x00000144                __vector_2
                0x0000011e                usbMeasureFrameLength
                0x000003fe                . = ALIGN (0x2)
 *(.text.*)
 .text.prng     0x000003fe       0xaa main.o
                0x000003fe                prng
 .text.buildReport
                0x000004a8       0xd0 main.o
 .text.usbFunctionSetup
                0x00000578       0x48 main.o
                0x00000578                usbFunctionSetup
 .text.main     0x000005c0       0xcc main.o
                0x000005c0                main
 .text.usbEventResetReady
                0x0000068c       0x9c main.o
                0x0000068c                usbEventResetReady
 .text.usbInit  0x00000728       0x10 usbdrv/usbdrv.o
                0x00000728                usbInit
 .text.usbSetInterrupt
                0x00000738       0x46 usbdrv/usbdrv.o
                0x00000738                usbSetInterrupt
 .text.usbPoll  0x0000077e      0x252 usbdrv/usbdrv.o
                0x0000077e                usbPoll
 .text.avr-libc
                0x000009d0       0xb2 c:/winavr-20100110/bin/../lib/gcc/avr/4.3.3/../../../../avr/lib/avr25\libc.a(rand.o)
                0x00000a60                rand_r
                0x00000a64                rand
                0x00000a6c                srand
 .text.avr-libc
                0x00000a82       0x10 c:/winavr-20100110/bin/../lib/gcc/avr/4.3.3/../../../../avr/lib/avr25\libc.a(eerd_byte_attiny85.o)
                0x00000a82                __eerd_byte_tn85
 .text.avr-libc
                0x00000a92       0x1c c:/winavr-20100110/bin/../lib/gcc/avr/4.3.3/../../../../avr/lib/avr25\libc.a(eewr_byte_attiny85.o)
                0x00000a94                __eewr_r18_tn85
                0x00000a92                __eewr_byte_tn85
 .text.libgcc   0x00000aae       0x32 c:/winavr-20100110/bin/../lib/gcc/avr/4.3.3/avr25\libgcc.a(_mulsi3.o)
                0x00000aae                __mulsi3
 .text.libgcc   0x00000ae0       0x36 c:/winavr-20100110/bin/../lib/gcc/avr/4.3.3/avr25\libgcc.a(_divmodsi4.o)
                0x00000ae0                __divmodsi4
 .text.libgcc   0x00000b16       0x38 c:/winavr-20100110/bin/../lib/gcc/avr/4.3.3/avr25\libgcc.a(_prologue.o)
                0x00000b16                __prologue_saves__
 .text.libgcc   0x00000b4e       0x36 c:/winavr-20100110/bin/../lib/gcc/avr/4.3.3/avr25\libgcc.a(_epilogue.o)
                0x00000b4e                __epilogue_restores__
 .text.libgcc   0x00000b84       0x44 c:/winavr-20100110/bin/../lib/gcc/avr/4.3.3/avr25\libgcc.a(_udivmodsi4.o)
                0x00000b84                __udivmodsi4
                0x00000bc8                . = ALIGN (0x2)
 *(.fini9)
 .fini9         0x00000bc8        0x0 c:/winavr-20100110/bin/../lib/gcc/avr/4.3.3/avr25\libgcc.a(_exit.o)
                0x00000bc8                exit
                0x00000bc8                _exit
 *(.fini9)
 *(.fini8)
 *(.fini8)
 *(.fini7)
 *(.fini7)
 *(.fini6)
 *(.fini6)
 *(.fini5)
 *(.fini5)
 *(.fini4)
 *(.fini4)
 *(.fini3)
 *(.fini3)
 *(.fini2)
 *(.fini2)
 *(.fini1)
 *(.fini1)
 *(.fini0)
 .fini0         0x00000bc8        0x4 c:/winavr-20100110/bin/../lib/gcc/avr/4.3.3/avr25\libgcc.a(_exit.o)
 *(.fini0)
                0x00000bcc                _etext = .

.data           0x00800060        0x8 load address 0x00000bcc
                0x00800060                PROVIDE (__data_start, .)
 *(.data)
 .data          0x00800060        0x4 c:/winavr-20100110/bin/../lib/gcc/avr/4.3.3/../../../../avr/lib/avr25\libc.a(rand.o)
 *(.data*)
 .data.usbMsgLen
                0x00800064        0x1 usbdrv/usbdrv.o
                0x00800064                usbMsgLen
 .data.usbTxLen
                0x00800065        0x1 usbdrv/usbdrv.o
                0x00800065                usbTxLen
 .data.usbTxLen1
                0x00800066        0x1 usbdrv/usbdrv.o
                0x00800066                usbTxLen1
 *(.rodata)
 *(.rodata*)
 *(.gnu.linkonce.d*)
                0x00800068                . = ALIGN (0x2)
 *fill*         0x00800067        0x1 00
                0x00800068                _edata = .
                0x00800068                PROVIDE (__data_end, .)

.bss            0x00800068       0x40
                0x00800068                PROVIDE (__bss_start, .)
 *(.bss)
 *(.bss*)
 .bss.timerCnt.1582
                0x00800068        0x2 main.o
 .bss.reportBuffer
                0x0080006a        0x2 main.o
 .bss.idleRate  0x0080006c        0x1 main.o
 .bss.reportCount
                0x0080006d        0x1 main.o
 .bss.TimerDelay
                0x0080006e        0x2 main.o
 .bss.sendInitialCapsLock
                0x00800070        0x1 main.o
 .bss.wasReset.1494
                0x00800071        0x1 usbdrv/usbdrv.o
 .bss.usbMsgFlags
                0x00800072        0x1 usbdrv/usbdrv.o
 *(COMMON)
 COMMON         0x00800073       0x35 usbdrv/usbdrv.o
                0x00800073                usbTxBuf
                0x0080007e                usbTxBuf1
                0x00800089                usbDeviceAddr
                0x0080008a                usbRxToken
                0x0080008b                usbInputBufOffset
                0x0080008c                usbMsgPtr
                0x0080008e                usbRxLen
                0x0080008f                usbNewDeviceAddr
                0x00800090                usbCurrentTok
                0x00800091                usbConfiguration
                0x00800092                usbRxBuf
                0x008000a8                PROVIDE (__bss_end, .)
                0x00000bcc                __data_load_start = LOADADDR (.data)
                0x00000bd4                __data_load_end = (__data_load_start + SIZEOF (.data))

.noinit         0x008000a8        0x0
                0x008000a8                PROVIDE (__noinit_start, .)
 *(.noinit*)
                0x008000a8                PROVIDE (__noinit_end, .)
                0x008000a8                _end = .
                0x008000a8                PROVIDE (__heap_start, .)

.eeprom         0x00810000        0x0
 *(.eeprom*)
                0x00810000                __eeprom_end = .

.fuse
 *(.fuse)
 *(.lfuse)
 *(.hfuse)
 *(.efuse)

.lock
 *(.lock*)

.signature
 *(.signature*)

.stab
 *(.stab)

.stabstr
 *(.stabstr)

.stab.excl
 *(.stab.excl)

.stab.exclstr
 *(.stab.exclstr)

.stab.index
 *(.stab.index)

.stab.indexstr
 *(.stab.indexstr)

.comment
 *(.comment)

.debug
 *(.debug)

.line
 *(.line)

.debug_srcinfo
 *(.debug_srcinfo)

.debug_sfnames
 *(.debug_sfnames)

.debug_aranges  0x00000000       0x90
 *(.debug_aranges)
 .debug_aranges
                0x00000000       0x40 main.o
 .debug_aranges
                0x00000040       0x30 usbdrv/usbdrv.o
 .debug_aranges
                0x00000070       0x20 usbdrv/usbdrvasm.o

.debug_pubnames
                0x00000000      0x214
 *(.debug_pubnames)
 .debug_pubnames
                0x00000000       0x6b main.o
 .debug_pubnames
                0x0000006b      0x1a9 usbdrv/usbdrv.o

.debug_info     0x00000000      0xc22
 *(.debug_info)
 .debug_info    0x00000000      0x42b main.o
 .debug_info    0x0000042b       0x5e usbdrv/oddebug.o
 .debug_info    0x00000489      0x729 usbdrv/usbdrv.o
 .debug_info    0x00000bb2       0x70 usbdrv/usbdrvasm.o
 *(.gnu.linkonce.wi.*)

.debug_abbrev   0x00000000      0x4f8
 *(.debug_abbrev)
 .debug_abbrev  0x00000000      0x25b main.o
 .debug_abbrev  0x0000025b       0x2a usbdrv/oddebug.o
 .debug_abbrev  0x00000285      0x25f usbdrv/usbdrv.o
 .debug_abbrev  0x000004e4       0x14 usbdrv/usbdrvasm.o

.debug_line     0x00000000      0x970
 *(.debug_line)
 .debug_line    0x00000000      0x3be main.o
 .debug_line    0x000003be       0x3e usbdrv/oddebug.o
 .debug_line    0x000003fc      0x384 usbdrv/usbdrv.o
 .debug_line    0x00000780      0x1f0 usbdrv/usbdrvasm.o

.debug_frame    0x00000000       0xa0
 *(.debug_frame)
 .debug_frame   0x00000000       0x60 main.o
 .debug_frame   0x00000060       0x40 usbdrv/usbdrv.o

.debug_str      0x00000000      0x4a7
 *(.debug_str)
 .debug_str     0x00000000      0x24b main.o
                                0x28d (size before relaxing)
 .debug_str     0x0000024b       0x14 usbdrv/oddebug.o
                                 0xbb (size before relaxing)
 .debug_str     0x0000025f      0x248 usbdrv/usbdrv.o
                                0x38f (size before relaxing)

.debug_loc      0x00000000      0x5e0
 *(.debug_loc)
 .debug_loc     0x00000000      0x1ba main.o
 .debug_loc     0x000001ba      0x426 usbdrv/usbdrv.o

.debug_macinfo
 *(.debug_macinfo)
OUTPUT(Haunted-USB.elf elf32-avr)
LOAD linker stubs

.debug_ranges   0x00000000      0x100
 .debug_ranges  0x00000000       0x70 main.o
 .debug_ranges  0x00000070       0x90 usbdrv/usbdrv.o
